Last login: Sat Jan 26 12:57:19 on ttys001
Tejass-MacBook-Pro:~ shetty$ cd Dropbox/Tejas_2Q_JC/Notes_QKrotov/
Tejass-MacBook-Pro:Notes_QKrotov shetty$ git init
Initialized empty Git repository in /Users/tejasshetty 1/Dropbox/Tejas_2Q_JC/Notes_QKrotov/.git/
Tejass-MacBook-Pro:Notes_QKrotov shetty$ ls
QKrotov_Notes.aux		QKrotov_Notes.synctex.gz
QKrotov_Notes.log		QKrotov_Notes.tex
QKrotov_Notes.out		QKrotov_NotesNotes.bib
QKrotov_Notes.pdf
Tejass-MacBook-Pro:Notes_QKrotov shetty$ git status
On branch master

No commits yet

Untracked files:
  (use "git add <file>..." to include in what will be committed)

	QKrotov_Notes.aux
	QKrotov_Notes.log
	QKrotov_Notes.out
	QKrotov_Notes.pdf
	QKrotov_Notes.synctex.gz
	QKrotov_Notes.tex
	QKrotov_NotesNotes.bib

nothing added to commit but untracked files present (use "git add" to track)
Tejass-MacBook-Pro:Notes_QKrotov shetty$ git add README.md
fatal: pathspec 'README.md' did not match any files
Tejass-MacBook-Pro:Notes_QKrotov shetty$ git status
On branch master

No commits yet

Untracked files:
  (use "git add <file>..." to include in what will be committed)

	QKrotov_Notes.aux
	QKrotov_Notes.log
	QKrotov_Notes.out
	QKrotov_Notes.pdf
	QKrotov_Notes.synctex.gz
	QKrotov_Notes.tex
	QKrotov_NotesNotes.bib
	README.md

nothing added to commit but untracked files present (use "git add" to track)
Tejass-MacBook-Pro:Notes_QKrotov shetty$ git add README.md 
Tejass-MacBook-Pro:Notes_QKrotov shetty$ git status
On branch master

No commits yet

Changes to be committed:
  (use "git rm --cached <file>..." to unstage)

	new file:   README.md

Untracked files:
  (use "git add <file>..." to include in what will be committed)

	QKrotov_Notes.aux
	QKrotov_Notes.log
	QKrotov_Notes.out
	QKrotov_Notes.pdf
	QKrotov_Notes.synctex.gz
	QKrotov_Notes.tex
	QKrotov_NotesNotes.bib

Tejass-MacBook-Pro:Notes_QKrotov shetty$ git add LICENSE 
Tejass-MacBook-Pro:Notes_QKrotov shetty$ git status
On branch master

No commits yet

Changes to be committed:
  (use "git rm --cached <file>..." to unstage)

	new file:   LICENSE
	new file:   README.md

Untracked files:
  (use "git add <file>..." to include in what will be committed)

	QKrotov_Notes.aux
	QKrotov_Notes.log
	QKrotov_Notes.out
	QKrotov_Notes.pdf
	QKrotov_Notes.synctex.gz
	QKrotov_Notes.tex
	QKrotov_NotesNotes.bib

Tejass-MacBook-Pro:Notes_QKrotov shetty$ git commit -m "R-l"
[master (root-commit) 8f7af0e] R-l
 2 files changed, 663 insertions(+)
 create mode 100644 LICENSE
 create mode 100644 README.md
Tejass-MacBook-Pro:Notes_QKrotov shetty$ 
